// Jest Snapshot v1, https://goo.gl/fbAQLP

exports[`get should disable colors 1`] = `
"[4mtest[24m
â””â”€â”¬ [90manother[39m
  â””â”€â”€ 1.0.0
"
`;

exports[`get should get the version of a module in depth 1`] = `
"[4mtest[24m
â””â”€â”¬ [90manother[39m
  â””â”€â”€ [37m1.0.0[39m
"
`;

exports[`get should get the version of a single module 1`] = `
"[4mtest[24m
â””â”€â”€ [37m1.0.0[39m
"
`;

exports[`get should get the version of a single module when in a scoped package 1`] = `
"[4m@scope/test[24m
â””â”€â”€ [37m1.0.0[39m
"
`;

exports[`get should get the version of a single module when not starting at the root 1`] = `
"[4mtest[24m
â””â”€â”€ [37m1.0.0[39m
"
`;

exports[`get should print versions in three levels deep including ancestors 1`] = `
"[4mdep-of-dep-of-dep[24m
â””â”€â”¬ [90mdep[39m
  â””â”€â”¬ [90mdep-of-dep[39m
    â””â”€â”€ [37m1.0.0[39m
"
`;

exports[`get should show a message when no module has found 1`] = `"Could not find any module by the name \\"not-exist\\"."`;

exports[`get should suggest an alternative when no module has found and there is an alternative with an edit distance smaller than 2 1`] = `"Could not find any module by the name \\"dest\\". Did you mean \\"[1mt[22mest\\"?"`;

exports[`get should suggest an alternative when no module has found and there is an alternative with an edit distance smaller than 2 2`] = `"Could not find any module by the name \\"dest\\". Did you mean \\"[1mt[22mest\\"?"`;
