// Jest Snapshot v1, https://goo.gl/fbAQLP

exports[`should colorize the first 10 results 1`] = `
Array [
  "[37m0[39m",
  "[38;5;153m1[39m",
  "[38;5;117m2[39m",
  "[38;5;39m3[39m",
  "[38;5;39m4[39m",
  "[38;5;141m5[39m",
  "[38;5;99m6[39m",
  "[38;5;141m7[39m",
  "[38;5;177m8[39m",
  "[38;5;218m9[39m",
  "[38;5;218m10[39m",
]
`;
