// Jest Snapshot v1, https://goo.gl/fbAQLP

exports[`should colorize the first 10 results 1`] = `
Array [
  "[38;5;72m0[39m",
  "[38;5;39m1[39m",
  "[38;5;202m2[39m",
  "[38;5;220m3[39m",
  "[38;5;133m4[39m",
  "[38;5;151m5[39m",
  "[38;5;44m6[39m",
  "[38;5;110m7[39m",
  "[38;5;217m8[39m",
  "[38;5;222m9[39m",
]
`;
