// Jest Snapshot v1, https://goo.gl/fbAQLP

exports[`list should disable colors 1`] = `
"[4m@scope/test[24m
â””â”€â”€ 1.0.0

[4manother[24m
â””â”€â”€ 1.0.0

[4mtest[24m
â”œâ”€â”€ 1.0.0
â””â”€â”¬ [90manother[39m
  â””â”€â”€ 1.0.0
"
`;

exports[`list should list the versions of mixed modules 1`] = `
"[4m@scope/test[24m
â””â”€â”€ [37m1.0.0[39m

[4manother[24m
â””â”€â”€ [37m1.0.0[39m

[4mtest[24m
â”œâ”€â”€ [37m1.0.0[39m
â””â”€â”¬ [90manother[39m
  â””â”€â”€ [37m1.0.0[39m
"
`;

exports[`list should show why info 1`] = `
"[4mtest[24m
â””â”€â”€ [37m1.0.0[39m [33m(devDependencies, npm install test)[39m
"
`;
